// Jest Snapshot v1, https://goo.gl/fbAQLP

exports[`UserProfile Component Snapshot Testing - UserProfile 1`] = `
<DocumentFragment>
  <div
    class="user_profile"
  >
    <div
      class="user_profile_pic"
    >
      <img
        alt="logo"
        class="user_profile_pic_img"
        id="user-profile-pic-img"
        src="https://letsenhance.io/static/8f5e523ee6b2479e26ecc91b9c25261e/1015f/MainAfter.jpg"
      />
    </div>
    <div
      class="user_profile_info"
    >
      <div
        class="user_profile_info_name"
      >
        <span>
          Name: 
        </span>
        <span>
          Kabzi
        </span>
      </div>
      <div
        class="user_profile_info_email"
      >
        <span>
          Email: 
        </span>
        <span>
          kabzi@gmail.com
        </span>
      </div>
    </div>
  </div>
</DocumentFragment>
`;
